
Quilt Testing Report
2015-05-12 06:44:09 -0700
=========================================

Test Report
generate site ... ok

Name                 Stmts   Miss Branch BrMiss  Cover   Missing
----------------------------------------------------------------
quilt                   11      0      0      0   100%   
quilt.Blog              86      1     12      2    97%   233
quilt.Constants         71      0      0      0   100%   
quilt.Markdown          72      3      0      0    96%   86-89
quilt.Quilter          237     26    130     32    84%   57-61, 115, 141, 156, 164, 176, 185, 220-224, 247, 253, 268, 281, 293, 298, 314, 324, 391, 401, 403, 408, 416
quilt.QuiltingRoom     327      3    114     22    94%   168, 174, 491
quilt.Util             284     54    103     36    77%   132, 384-385, 396-412, 418-430, 453-457, 469-470, 472, 507-525, 537
tests                    1      0      0      0   100%   
tests.test              11      0      0      0   100%   
----------------------------------------------------------------
TOTAL                 1100     87    359     92    88%   
----------------------------------------------------------------------
Ran 1 test in 13.182s

OK
